I'm sorry, but errors were detected in your script. Please correct the
errors listed below, and try again.


File "game/screens.rpy", line 506: u'elif' is not a keyword argument or valid child of the vbox statement.
    elif not main_menu:
        ^

Ren'Py Version: Ren'Py 7.6.4.23102301+nightly
Fri Oct 27 12:04:57 2023
